<!-- #region lms -->

| Step | Working | Result |
|---|---|---|
| predict | V̂ = w₀ + w₁·f₁ = 0 + 0 × 4 | 0 |
| error | V_train − V̂ = 10 − 0 | 10 |
| update w₁ | w₁ + c·f₁·error = 0 + 0.1 × 4 × 10 | **4** |
| update w₀ | w₀ + c·1·error = 0 + 0.1 × 1 × 10 | **1** |
| re-check | V̂ = 1 + 4 × 4 | 17 |

The prediction jumped from 0 to 17, overshooting the target 10; the next update pulls it back. This rule is gradient descent on the squared error, one example at a time (stochastic gradient descent).

<!-- #endregion lms -->
<!-- #region qlearn -->

$$ \hat Q(s_1, a_{\text{right}}) \leftarrow r + \gamma \max_{a'} \hat Q(s_2, a') = 0 + 0.9 \times \max\{63, 81, 100\} = 0 + 0.9 \times 100 = \mathbf{90} $$

**Why the values fall by 0.9 per step.** With reward 100 only on reaching the goal G and γ = 0.9, a state k moves from G is worth γᵏ × 100:

| Moves to G | Rewards on the way | Discounted value | V* |
|:-:|---|---|---|
| 0 | 100 | 100 | 100 |
| 1 | 0 + 100 | 0.9¹ × 100 | 90 |
| 2 | 0 + 0 + 100 | 0.9² × 100 | 81 |
| 3 | 0 + 0 + 0 + 100 | 0.9³ × 100 | 72.9 |

<!-- #endregion qlearn -->
<!-- #region fitting -->

<div class="fig-row">
<svg class="fig" viewBox="0 0 240 200" role="img" aria-label="Degree 1: underfits">
<line class="ax" x1="22" y1="178" x2="234" y2="178"/>
<line class="ax" x1="22" y1="178" x2="22" y2="22"/>
<polyline class="a" points="32.1,116.9 32.7,116.8 33.4,116.8 34,116.8 34.7,116.7 35.3,116.7 35.9,116.7 36.6,116.6 37.2,116.6 37.8,116.6 38.5,116.5 39.1,116.5 39.8,116.5 40.4,116.4 41,116.4 41.7,116.4 42.3,116.3 43,116.3 43.6,116.3 44.2,116.2 44.9,116.2 45.5,116.2 46.2,116.1 46.8,116.1 47.4,116.1 48.1,116 48.7,116 49.4,116 50,115.9 50.6,115.9 51.3,115.9 51.9,115.8 52.6,115.8 53.2,115.8 53.8,115.7 54.5,115.7 55.1,115.7 55.8,115.7 56.4,115.6 57,115.6 57.7,115.6 58.3,115.5 58.9,115.5 59.6,115.5 60.2,115.4 60.9,115.4 61.5,115.4 62.1,115.3 62.8,115.3 63.4,115.3 64.1,115.2 64.7,115.2 65.3,115.2 66,115.1 66.6,115.1 67.3,115.1 67.9,115 68.5,115 69.2,115 69.8,114.9 70.5,114.9 71.1,114.9 71.7,114.8 72.4,114.8 73,114.8 73.7,114.7 74.3,114.7 74.9,114.7 75.6,114.6 76.2,114.6 76.9,114.6 77.5,114.5 78.1,114.5 78.8,114.5 79.4,114.4 80,114.4 80.7,114.4 81.3,114.3 82,114.3 82.6,114.3 83.2,114.2 83.9,114.2 84.5,114.2 85.2,114.1 85.8,114.1 86.4,114.1 87.1,114 87.7,114 88.4,114 89,113.9 89.6,113.9 90.3,113.9 90.9,113.8 91.6,113.8 92.2,113.8 92.8,113.7 93.5,113.7 94.1,113.7 94.8,113.6 95.4,113.6 96,113.6 96.7,113.5 97.3,113.5 97.9,113.5 98.6,113.4 99.2,113.4 99.9,113.4 100.5,113.3 101.1,113.3 101.8,113.3 102.4,113.2 103.1,113.2 103.7,113.2 104.3,113.1 105,113.1 105.6,113.1 106.3,113 106.9,113 107.5,113 108.2,112.9 108.8,112.9 109.5,112.9 110.1,112.8 110.7,112.8 111.4,112.8 112,112.7 112.7,112.7 113.3,112.7 113.9,112.6 114.6,112.6 115.2,112.6 115.9,112.5 116.5,112.5 117.1,112.5 117.8,112.4 118.4,112.4 119,112.4 119.7,112.3 120.3,112.3 121,112.3 121.6,112.2 122.2,112.2 122.9,112.2 123.5,112.1 124.2,112.1 124.8,112.1 125.4,112 126.1,112 126.7,112 127.4,111.9 128,111.9 128.6,111.9 129.3,111.8 129.9,111.8 130.6,111.8 131.2,111.7 131.8,111.7 132.5,111.7 133.1,111.6 133.8,111.6 134.4,111.6 135,111.5 135.7,111.5 136.3,111.5 137,111.4 137.6,111.4 138.2,111.4 138.9,111.3 139.5,111.3 140.1,111.3 140.8,111.2 141.4,111.2 142.1,111.2 142.7,111.1 143.3,111.1 144,111.1 144.6,111 145.3,111 145.9,111 146.5,110.9 147.2,110.9 147.8,110.9 148.5,110.8 149.1,110.8 149.7,110.8 150.4,110.7 151,110.7 151.7,110.7 152.3,110.6 152.9,110.6 153.6,110.6 154.2,110.5 154.9,110.5 155.5,110.5 156.1,110.4 156.8,110.4 157.4,110.4 158.1,110.3 158.7,110.3 159.3,110.3 160,110.2 160.6,110.2 161.2,110.2 161.9,110.2 162.5,110.1 163.2,110.1 163.8,110.1 164.4,110 165.1,110 165.7,110 166.4,109.9 167,109.9 167.6,109.9 168.3,109.8 168.9,109.8 169.6,109.8 170.2,109.7 170.8,109.7 171.5,109.7 172.1,109.6 172.8,109.6 173.4,109.6 174,109.5 174.7,109.5 175.3,109.5 176,109.4 176.6,109.4 177.2,109.4 177.9,109.3 178.5,109.3 179.1,109.3 179.8,109.2 180.4,109.2 181.1,109.2 181.7,109.1 182.3,109.1 183,109.1 183.6,109 184.3,109 184.9,109 185.5,108.9 186.2,108.9 186.8,108.9 187.5,108.8 188.1,108.8 188.7,108.8 189.4,108.7 190,108.7 190.7,108.7 191.3,108.6 191.9,108.6 192.6,108.6 193.2,108.5 193.9,108.5 194.5,108.5 195.1,108.4 195.8,108.4 196.4,108.4 197.1,108.3 197.7,108.3 198.3,108.3 199,108.2 199.6,108.2 200.2,108.2 200.9,108.1 201.5,108.1 202.2,108.1 202.8,108 203.4,108 204.1,108 204.7,107.9 205.4,107.9 206,107.9 206.6,107.8 207.3,107.8 207.9,107.8 208.6,107.7 209.2,107.7 209.8,107.7 210.5,107.6 211.1,107.6 211.8,107.6 212.4,107.5 213,107.5 213.7,107.5 214.3,107.4 215,107.4 215.6,107.4 216.2,107.3 216.9,107.3 217.5,107.3 218.2,107.2 218.8,107.2 219.4,107.2 220.1,107.1 220.7,107.1 221.3,107.1 222,107 222.6,107 223.3,107 223.9,106.9"/>
<circle class="fb" cx="38.8" cy="67.6" r="3"/>
<circle class="fb" cx="62.4" cy="122.9" r="3"/>
<circle class="fb" cx="89.3" cy="122.8" r="3"/>
<circle class="fb" cx="116.2" cy="156" r="3"/>
<circle class="fb" cx="139.8" cy="127.6" r="3"/>
<circle class="fb" cx="166.7" cy="135.4" r="3"/>
<circle class="fb" cx="190.3" cy="89.2" r="3"/>
<circle class="fb" cx="217.2" cy="73.9" r="3"/>
<circle class="hollow" cx="48.9" cy="102.7" r="3"/>
<circle class="hollow" cx="75.8" cy="113.6" r="3"/>
<circle class="hollow" cx="102.8" cy="143.3" r="3"/>
<circle class="hollow" cx="129.7" cy="134.4" r="3"/>
<circle class="hollow" cx="153.2" cy="146.2" r="3"/>
<circle class="hollow" cx="180.2" cy="109.5" r="3"/>
<circle class="hollow" cx="203.7" cy="96.3" r="3"/>
<text class="lbl" x="28.7" y="28" text-anchor="start">Degree 1: underfits</text>
</svg>
<svg class="fig" viewBox="0 0 240 200" role="img" aria-label="Degree 2: fits">
<line class="ax" x1="22" y1="178" x2="234" y2="178"/>
<line class="ax" x1="22" y1="178" x2="22" y2="22"/>
<polyline class="a" points="32.1,65.9 32.7,67 33.4,68 34,69.1 34.7,70.1 35.3,71.1 35.9,72.2 36.6,73.2 37.2,74.2 37.8,75.2 38.5,76.2 39.1,77.2 39.8,78.1 40.4,79.1 41,80.1 41.7,81 42.3,82 43,82.9 43.6,83.8 44.2,84.8 44.9,85.7 45.5,86.6 46.2,87.5 46.8,88.4 47.4,89.3 48.1,90.2 48.7,91 49.4,91.9 50,92.8 50.6,93.6 51.3,94.5 51.9,95.3 52.6,96.1 53.2,97 53.8,97.8 54.5,98.6 55.1,99.4 55.8,100.2 56.4,101 57,101.8 57.7,102.5 58.3,103.3 58.9,104 59.6,104.8 60.2,105.5 60.9,106.3 61.5,107 62.1,107.7 62.8,108.4 63.4,109.1 64.1,109.8 64.7,110.5 65.3,111.2 66,111.9 66.6,112.6 67.3,113.2 67.9,113.9 68.5,114.5 69.2,115.2 69.8,115.8 70.5,116.4 71.1,117 71.7,117.6 72.4,118.3 73,118.8 73.7,119.4 74.3,120 74.9,120.6 75.6,121.2 76.2,121.7 76.9,122.3 77.5,122.8 78.1,123.4 78.8,123.9 79.4,124.4 80,124.9 80.7,125.4 81.3,125.9 82,126.4 82.6,126.9 83.2,127.4 83.9,127.9 84.5,128.3 85.2,128.8 85.8,129.2 86.4,129.7 87.1,130.1 87.7,130.5 88.4,130.9 89,131.4 89.6,131.8 90.3,132.2 90.9,132.5 91.6,132.9 92.2,133.3 92.8,133.7 93.5,134 94.1,134.4 94.8,134.7 95.4,135.1 96,135.4 96.7,135.7 97.3,136 97.9,136.4 98.6,136.7 99.2,137 99.9,137.2 100.5,137.5 101.1,137.8 101.8,138.1 102.4,138.3 103.1,138.6 103.7,138.8 104.3,139 105,139.3 105.6,139.5 106.3,139.7 106.9,139.9 107.5,140.1 108.2,140.3 108.8,140.5 109.5,140.7 110.1,140.8 110.7,141 111.4,141.2 112,141.3 112.7,141.4 113.3,141.6 113.9,141.7 114.6,141.8 115.2,141.9 115.9,142 116.5,142.1 117.1,142.2 117.8,142.3 118.4,142.4 119,142.4 119.7,142.5 120.3,142.6 121,142.6 121.6,142.6 122.2,142.7 122.9,142.7 123.5,142.7 124.2,142.7 124.8,142.7 125.4,142.7 126.1,142.7 126.7,142.7 127.4,142.7 128,142.6 128.6,142.6 129.3,142.5 129.9,142.5 130.6,142.4 131.2,142.3 131.8,142.2 132.5,142.2 133.1,142.1 133.8,142 134.4,141.9 135,141.7 135.7,141.6 136.3,141.5 137,141.3 137.6,141.2 138.2,141 138.9,140.9 139.5,140.7 140.1,140.5 140.8,140.4 141.4,140.2 142.1,140 142.7,139.8 143.3,139.6 144,139.3 144.6,139.1 145.3,138.9 145.9,138.6 146.5,138.4 147.2,138.1 147.8,137.9 148.5,137.6 149.1,137.3 149.7,137 150.4,136.7 151,136.4 151.7,136.1 152.3,135.8 152.9,135.5 153.6,135.2 154.2,134.8 154.9,134.5 155.5,134.1 156.1,133.8 156.8,133.4 157.4,133 158.1,132.7 158.7,132.3 159.3,131.9 160,131.5 160.6,131.1 161.2,130.6 161.9,130.2 162.5,129.8 163.2,129.3 163.8,128.9 164.4,128.4 165.1,128 165.7,127.5 166.4,127 167,126.6 167.6,126.1 168.3,125.6 168.9,125.1 169.6,124.5 170.2,124 170.8,123.5 171.5,123 172.1,122.4 172.8,121.9 173.4,121.3 174,120.7 174.7,120.2 175.3,119.6 176,119 176.6,118.4 177.2,117.8 177.9,117.2 178.5,116.6 179.1,116 179.8,115.3 180.4,114.7 181.1,114.1 181.7,113.4 182.3,112.7 183,112.1 183.6,111.4 184.3,110.7 184.9,110 185.5,109.3 186.2,108.6 186.8,107.9 187.5,107.2 188.1,106.5 188.7,105.7 189.4,105 190,104.3 190.7,103.5 191.3,102.7 191.9,102 192.6,101.2 193.2,100.4 193.9,99.6 194.5,98.8 195.1,98 195.8,97.2 196.4,96.4 197.1,95.5 197.7,94.7 198.3,93.9 199,93 199.6,92.2 200.2,91.3 200.9,90.4 201.5,89.5 202.2,88.6 202.8,87.8 203.4,86.8 204.1,85.9 204.7,85 205.4,84.1 206,83.2 206.6,82.2 207.3,81.3 207.9,80.3 208.6,79.4 209.2,78.4 209.8,77.4 210.5,76.4 211.1,75.5 211.8,74.5 212.4,73.4 213,72.4 213.7,71.4 214.3,70.4 215,69.4 215.6,68.3 216.2,67.3 216.9,66.2 217.5,65.1 218.2,64.1 218.8,63 219.4,61.9 220.1,60.8 220.7,59.7 221.3,58.6 222,57.5 222.6,56.4 223.3,55.2 223.9,54.1"/>
<circle class="fb" cx="38.8" cy="67.6" r="3"/>
<circle class="fb" cx="62.4" cy="122.9" r="3"/>
<circle class="fb" cx="89.3" cy="122.8" r="3"/>
<circle class="fb" cx="116.2" cy="156" r="3"/>
<circle class="fb" cx="139.8" cy="127.6" r="3"/>
<circle class="fb" cx="166.7" cy="135.4" r="3"/>
<circle class="fb" cx="190.3" cy="89.2" r="3"/>
<circle class="fb" cx="217.2" cy="73.9" r="3"/>
<circle class="hollow" cx="48.9" cy="102.7" r="3"/>
<circle class="hollow" cx="75.8" cy="113.6" r="3"/>
<circle class="hollow" cx="102.8" cy="143.3" r="3"/>
<circle class="hollow" cx="129.7" cy="134.4" r="3"/>
<circle class="hollow" cx="153.2" cy="146.2" r="3"/>
<circle class="hollow" cx="180.2" cy="109.5" r="3"/>
<circle class="hollow" cx="203.7" cy="96.3" r="3"/>
<text class="lbl" x="28.7" y="28" text-anchor="start">Degree 2: fits</text>
</svg>
<svg class="fig" viewBox="0 0 240 200" role="img" aria-label="Degree 7: overfits">
<line class="ax" x1="22" y1="178" x2="234" y2="178"/>
<line class="ax" x1="22" y1="178" x2="22" y2="22"/>
<polyline class="a" points="37.2,28.7 37.8,45.2 38.5,60.3 39.1,73.9 39.8,86.2 40.4,97.3 41,107.2 41.7,115.9 42.3,123.7 43,130.5 43.6,136.4 44.2,141.5 44.9,145.8 45.5,149.4 46.2,152.3 46.8,154.6 47.4,156.3 48.1,157.6 48.7,158.3 49.4,158.6 50,158.6 50.6,158.2 51.3,157.4 51.9,156.4 52.6,155.2 53.2,153.7 53.8,152 54.5,150.2 55.1,148.2 55.8,146.2 56.4,144 57,141.8 57.7,139.5 58.3,137.2 58.9,134.9 59.6,132.6 60.2,130.3 60.9,128.1 61.5,125.8 62.1,123.7 62.8,121.6 63.4,119.6 64.1,117.6 64.7,115.8 65.3,114 66,112.4 66.6,110.8 67.3,109.4 67.9,108 68.5,106.8 69.2,105.7 69.8,104.8 70.5,103.9 71.1,103.2 71.7,102.6 72.4,102.1 73,101.7 73.7,101.5 74.3,101.3 74.9,101.3 75.6,101.4 76.2,101.6 76.9,101.9 77.5,102.3 78.1,102.8 78.8,103.4 79.4,104.1 80,104.9 80.7,105.7 81.3,106.7 82,107.7 82.6,108.7 83.2,109.9 83.9,111.1 84.5,112.3 85.2,113.6 85.8,114.9 86.4,116.3 87.1,117.7 87.7,119.2 88.4,120.6 89,122.1 89.6,123.6 90.3,125.1 90.9,126.6 91.6,128.1 92.2,129.6 92.8,131.1 93.5,132.6 94.1,134 94.8,135.5 95.4,136.9 96,138.3 96.7,139.7 97.3,141 97.9,142.3 98.6,143.5 99.2,144.8 99.9,145.9 100.5,147 101.1,148.1 101.8,149.1 102.4,150.1 103.1,151 103.7,151.8 104.3,152.6 105,153.3 105.6,154 106.3,154.6 106.9,155.2 107.5,155.6 108.2,156 108.8,156.4 109.5,156.7 110.1,156.9 110.7,157.1 111.4,157.2 112,157.2 112.7,157.2 113.3,157.1 113.9,157 114.6,156.8 115.2,156.5 115.9,156.2 116.5,155.9 117.1,155.4 117.8,155 118.4,154.5 119,153.9 119.7,153.3 120.3,152.7 121,152 121.6,151.3 122.2,150.6 122.9,149.8 123.5,149 124.2,148.2 124.8,147.3 125.4,146.5 126.1,145.6 126.7,144.7 127.4,143.8 128,142.8 128.6,141.9 129.3,141 129.9,140 130.6,139.1 131.2,138.2 131.8,137.3 132.5,136.4 133.1,135.5 133.8,134.6 134.4,133.8 135,132.9 135.7,132.1 136.3,131.3 137,130.6 137.6,129.8 138.2,129.1 138.9,128.5 139.5,127.9 140.1,127.3 140.8,126.7 141.4,126.2 142.1,125.7 142.7,125.3 143.3,124.9 144,124.6 144.6,124.3 145.3,124 145.9,123.8 146.5,123.7 147.2,123.6 147.8,123.5 148.5,123.5 149.1,123.5 149.7,123.6 150.4,123.7 151,123.9 151.7,124.1 152.3,124.3 152.9,124.6 153.6,124.9 154.2,125.3 154.9,125.7 155.5,126.1 156.1,126.6 156.8,127 157.4,127.5 158.1,128.1 158.7,128.6 159.3,129.2 160,129.7 160.6,130.3 161.2,130.9 161.9,131.4 162.5,132 163.2,132.6 163.8,133.1 164.4,133.7 165.1,134.2 165.7,134.7 166.4,135.1 167,135.6 167.6,136 168.3,136.3 168.9,136.6 169.6,136.8 170.2,137 170.8,137.1 171.5,137.2 172.1,137.1 172.8,137 173.4,136.8 174,136.5 174.7,136.2 175.3,135.7 176,135.1 176.6,134.4 177.2,133.6 177.9,132.7 178.5,131.7 179.1,130.5 179.8,129.3 180.4,127.9 181.1,126.3 181.7,124.7 182.3,122.9 183,120.9 183.6,118.8 184.3,116.6 184.9,114.2 185.5,111.8 186.2,109.1 186.8,106.3 187.5,103.4 188.1,100.4 188.7,97.2 189.4,93.9 190,90.5 190.7,87 191.3,83.3 191.9,79.6 192.6,75.7 193.2,71.8 193.9,67.8 194.5,63.7 195.1,59.6 195.8,55.4 196.4,51.2 197.1,47 197.7,42.8 198.3,38.6 199,34.5 199.6,30.4 200.2,26.4 200.9,22.5"/>
<polyline class="a" points="214.3,27 215,35.3 215.6,44.8 216.2,55.6 216.9,67.7 217.5,81.3 218.2,96.4 218.8,113.2 219.4,131.7 220.1,152 220.7,174.2"/>
<circle class="fb" cx="38.8" cy="67.6" r="3"/>
<circle class="fb" cx="62.4" cy="122.9" r="3"/>
<circle class="fb" cx="89.3" cy="122.8" r="3"/>
<circle class="fb" cx="116.2" cy="156" r="3"/>
<circle class="fb" cx="139.8" cy="127.6" r="3"/>
<circle class="fb" cx="166.7" cy="135.4" r="3"/>
<circle class="fb" cx="190.3" cy="89.2" r="3"/>
<circle class="fb" cx="217.2" cy="73.9" r="3"/>
<circle class="hollow" cx="48.9" cy="102.7" r="3"/>
<circle class="hollow" cx="75.8" cy="113.6" r="3"/>
<circle class="hollow" cx="102.8" cy="143.3" r="3"/>
<circle class="hollow" cx="129.7" cy="134.4" r="3"/>
<circle class="hollow" cx="153.2" cy="146.2" r="3"/>
<circle class="hollow" cx="180.2" cy="109.5" r="3"/>
<circle class="hollow" cx="203.7" cy="96.3" r="3"/>
<text class="lbl" x="28.7" y="28" text-anchor="start">Degree 7: overfits</text>
</svg>
</div>

<p class="fig-cap">Filled dots: the 8 training points. Open dots: 7 unseen test points from the same curve. The line is the model.</p>

| Model | Training MSE | Test MSE | Verdict |
|---|--:|--:|---|
| Degree 1 | 1.48 | 0.74 | underfits |
| Degree 2 | 0.24 | 0.13 | fits |
| Degree 7 | 0 | 2.99 | overfits |

Degree 7 passes through every training point (training error 0) and has the worst test error: it learned the noise. Degree 1 cannot bend, so it is poor on both. Degree 2 matches the true shape and is best on unseen data. **Zero training error is not the goal.**

<!-- #endregion fitting -->
<!-- #region biasvar -->

<svg class="fig" viewBox="0 0 520 280" role="img" aria-label="Bias, variance and total error against model complexity">
<line class="ax" x1="40" y1="246" x2="504" y2="246"/>
<line class="ax" x1="40" y1="246" x2="40" y2="14"/>
<text class="lbl" x="272" y="274" text-anchor="middle">Model complexity</text>
<text class="lbl" x="12" y="130" text-anchor="middle" transform="rotate(-90 12 130)">Error</text>
<polyline class="a" points="40,60.4 42.6,69.2 45.2,77.3 47.7,84.6 50.3,91.3 52.9,97.5 55.5,103.2 58,108.5 60.6,113.4 63.2,118 65.8,122.3 68.4,126.3 70.9,130 73.5,133.5 76.1,136.8 78.7,139.9 81.2,142.9 83.8,145.7 86.4,148.3 89,150.8 91.6,153.2 94.1,155.5 96.7,157.6 99.3,159.7 101.9,161.6 104.4,163.5 107,165.3 109.6,167 112.2,168.7 114.8,170.2 117.3,171.8 119.9,173.2 122.5,174.6 125.1,176 127.6,177.3 130.2,178.5 132.8,179.7 135.4,180.9 138,182 140.5,183.1 143.1,184.1 145.7,185.1 148.3,186.1 150.8,187.1 153.4,188 156,188.9 158.6,189.8 161.2,190.6 163.7,191.4 166.3,192.2 168.9,193 171.5,193.7 174,194.4 176.6,195.2 179.2,195.8 181.8,196.5 184.4,197.2 186.9,197.8 189.5,198.4 192.1,199 194.7,199.6 197.2,200.2 199.8,200.7 202.4,201.3 205,201.8 207.6,202.3 210.1,202.8 212.7,203.3 215.3,203.8 217.9,204.3 220.4,204.8 223,205.2 225.6,205.7 228.2,206.1 230.8,206.5 233.3,206.9 235.9,207.3 238.5,207.7 241.1,208.1 243.6,208.5 246.2,208.9 248.8,209.2 251.4,209.6 254,210 256.5,210.3 259.1,210.6 261.7,211 264.3,211.3 266.8,211.6 269.4,211.9 272,212.3 274.6,212.6 277.2,212.9 279.7,213.2 282.3,213.4 284.9,213.7 287.5,214 290,214.3 292.6,214.5 295.2,214.8 297.8,215.1 300.4,215.3 302.9,215.6 305.5,215.8 308.1,216.1 310.7,216.3 313.2,216.5 315.8,216.8 318.4,217 321,217.2 323.6,217.4 326.1,217.7 328.7,217.9 331.3,218.1 333.9,218.3 336.4,218.5 339,218.7 341.6,218.9 344.2,219.1 346.8,219.3 349.3,219.5 351.9,219.7 354.5,219.9 357.1,220 359.6,220.2 362.2,220.4 364.8,220.6 367.4,220.7 370,220.9 372.5,221.1 375.1,221.3 377.7,221.4 380.3,221.6 382.8,221.7 385.4,221.9 388,222.1 390.6,222.2 393.2,222.4 395.7,222.5 398.3,222.7 400.9,222.8 403.5,222.9 406,223.1 408.6,223.2 411.2,223.4 413.8,223.5 416.4,223.6 418.9,223.8 421.5,223.9 424.1,224 426.7,224.2 429.2,224.3 431.8,224.4 434.4,224.5 437,224.7 439.6,224.8 442.1,224.9 444.7,225 447.3,225.1 449.9,225.3 452.4,225.4 455,225.5 457.6,225.6 460.2,225.7 462.8,225.8 465.3,225.9 467.9,226 470.5,226.1 473.1,226.3 475.6,226.4 478.2,226.5 480.8,226.6 483.4,226.7 486,226.8 488.5,226.9 491.1,227 493.7,227.1 496.3,227.2 498.8,227.3 501.4,227.3 504,227.4"/>
<polyline class="b" points="40,244.1 42.6,244 45.2,243.8 47.7,243.5 50.3,243.3 52.9,243.1 55.5,242.9 58,242.6 60.6,242.4 63.2,242.1 65.8,241.8 68.4,241.5 70.9,241.2 73.5,240.9 76.1,240.6 78.7,240.3 81.2,240 83.8,239.6 86.4,239.3 89,238.9 91.6,238.6 94.1,238.2 96.7,237.8 99.3,237.4 101.9,237 104.4,236.6 107,236.2 109.6,235.8 112.2,235.3 114.8,234.9 117.3,234.4 119.9,233.9 122.5,233.5 125.1,233 127.6,232.5 130.2,232 132.8,231.4 135.4,230.9 138,230.4 140.5,229.8 143.1,229.3 145.7,228.7 148.3,228.2 150.8,227.6 153.4,227 156,226.4 158.6,225.8 161.2,225.2 163.7,224.5 166.3,223.9 168.9,223.3 171.5,222.6 174,221.9 176.6,221.3 179.2,220.6 181.8,219.9 184.4,219.2 186.9,218.5 189.5,217.8 192.1,217 194.7,216.3 197.2,215.6 199.8,214.8 202.4,214 205,213.3 207.6,212.5 210.1,211.7 212.7,210.9 215.3,210.1 217.9,209.2 220.4,208.4 223,207.6 225.6,206.7 228.2,205.9 230.8,205 233.3,204.1 235.9,203.2 238.5,202.3 241.1,201.4 243.6,200.5 246.2,199.6 248.8,198.7 251.4,197.7 254,196.8 256.5,195.8 259.1,194.8 261.7,193.9 264.3,192.9 266.8,191.9 269.4,190.9 272,189.9 274.6,188.8 277.2,187.8 279.7,186.8 282.3,185.7 284.9,184.6 287.5,183.6 290,182.5 292.6,181.4 295.2,180.3 297.8,179.2 300.4,178.1 302.9,176.9 305.5,175.8 308.1,174.7 310.7,173.5 313.2,172.3 315.8,171.2 318.4,170 321,168.8 323.6,167.6 326.1,166.4 328.7,165.2 331.3,163.9 333.9,162.7 336.4,161.4 339,160.2 341.6,158.9 344.2,157.6 346.8,156.4 349.3,155.1 351.9,153.8 354.5,152.4 357.1,151.1 359.6,149.8 362.2,148.4 364.8,147.1 367.4,145.7 370,144.4 372.5,143 375.1,141.6 377.7,140.2 380.3,138.8 382.8,137.4 385.4,136 388,134.5 390.6,133.1 393.2,131.6 395.7,130.2 398.3,128.7 400.9,127.2 403.5,125.7 406,124.2 408.6,122.7 411.2,121.2 413.8,119.7 416.4,118.1 418.9,116.6 421.5,115 424.1,113.5 426.7,111.9 429.2,110.3 431.8,108.7 434.4,107.1 437,105.5 439.6,103.9 442.1,102.3 444.7,100.6 447.3,99 449.9,97.3 452.4,95.7 455,94 457.6,92.3 460.2,90.6 462.8,88.9 465.3,87.2 467.9,85.5 470.5,83.7 473.1,82 475.6,80.3 478.2,78.5 480.8,76.7 483.4,75 486,73.2 488.5,71.4 491.1,69.6 493.7,67.7 496.3,65.9 498.8,64.1 501.4,62.3 504,60.4"/>
<polyline class="c" points="40,44.6 42.6,53.3 45.2,61.1 47.7,68.2 50.3,74.7 52.9,80.7 55.5,86.2 58,91.2 60.6,95.9 63.2,100.2 65.8,104.2 68.4,107.9 70.9,111.3 73.5,114.5 76.1,117.5 78.7,120.3 81.2,123 83.8,125.4 86.4,127.7 89,129.8 91.6,131.9 94.1,133.7 96.7,135.5 99.3,137.2 101.9,138.7 104.4,140.2 107,141.6 109.6,142.9 112.2,144.1 114.8,145.2 117.3,146.2 119.9,147.2 122.5,148.1 125.1,149 127.6,149.8 130.2,150.6 132.8,151.2 135.4,151.9 138,152.5 140.5,153 143.1,153.5 145.7,154 148.3,154.4 150.8,154.7 153.4,155.1 156,155.4 158.6,155.6 161.2,155.8 163.7,156 166.3,156.2 168.9,156.3 171.5,156.4 174,156.5 176.6,156.5 179.2,156.5 181.8,156.5 184.4,156.4 186.9,156.4 189.5,156.3 192.1,156.1 194.7,156 197.2,155.8 199.8,155.6 202.4,155.4 205,155.1 207.6,154.9 210.1,154.6 212.7,154.3 215.3,154 217.9,153.6 220.4,153.3 223,152.9 225.6,152.5 228.2,152 230.8,151.6 233.3,151.1 235.9,150.7 238.5,150.2 241.1,149.6 243.6,149.1 246.2,148.6 248.8,148 251.4,147.4 254,146.8 256.5,146.2 259.1,145.6 261.7,144.9 264.3,144.3 266.8,143.6 269.4,142.9 272,142.2 274.6,141.5 277.2,140.7 279.7,140 282.3,139.2 284.9,138.4 287.5,137.6 290,136.8 292.6,136 295.2,135.2 297.8,134.3 300.4,133.5 302.9,132.6 305.5,131.7 308.1,130.8 310.7,129.9 313.2,129 315.8,128 318.4,127.1 321,126.1 323.6,125.1 326.1,124.1 328.7,123.1 331.3,122.1 333.9,121.1 336.4,120 339,119 341.6,117.9 344.2,116.8 346.8,115.7 349.3,114.6 351.9,113.5 354.5,112.4 357.1,111.2 359.6,110.1 362.2,108.9 364.8,107.7 367.4,106.6 370,105.4 372.5,104.2 375.1,102.9 377.7,101.7 380.3,100.5 382.8,99.2 385.4,97.9 388,96.7 390.6,95.4 393.2,94.1 395.7,92.8 398.3,91.4 400.9,90.1 403.5,88.8 406,87.4 408.6,86 411.2,84.6 413.8,83.3 416.4,81.9 418.9,80.4 421.5,79 424.1,77.6 426.7,76.1 429.2,74.7 431.8,73.2 434.4,71.8 437,70.3 439.6,68.8 442.1,67.3 444.7,65.7 447.3,64.2 449.9,62.7 452.4,61.1 455,59.6 457.6,58 460.2,56.4 462.8,54.8 465.3,53.2 467.9,51.6 470.5,50 473.1,48.3 475.6,46.7 478.2,45 480.8,43.4 483.4,41.7 486,40 488.5,38.3 491.1,36.6 493.7,34.9 496.3,33.2 498.8,31.4 501.4,29.7 504,27.9"/>
<line class="m" x1="179.2" y1="246" x2="179.2" y2="14"/>
<text class="ta" x="58" y="92.9" text-anchor="start">bias²</text>
<text class="tb" x="431.8" y="90.6" text-anchor="start">variance</text>
<text class="tc" x="426.7" y="27.9" text-anchor="start">total error</text>
<text x="179.2" y="239" text-anchor="middle">best complexity</text>
<text x="47.7" y="27.9" text-anchor="start">← underfitting (high bias)</text>
<text x="380.3" y="27.9" text-anchor="end">overfitting (high variance) →</text>
</svg>

<p class="fig-cap">More complexity lowers bias and raises variance. The best model sits where the total is lowest, not where either one is zero.</p>

<!-- #endregion biasvar -->
<!-- #region sse -->

The slides’ SSE example, extended to R². Mean of the actual values ȳ = 5.8.

| Actual y | Predicted ŷ | y − ŷ | (y − ŷ)² | y − ȳ | (y − ȳ)² |
|:-:|:-:|--:|--:|--:|--:|
| 5 | 4.8 | 0.2 | 0.04 | −0.8 | 0.64 |
| 7 | 7.5 | −0.5 | 0.25 | 1.2 | 1.44 |
| 3 | 2.9 | 0.1 | 0.01 | −2.8 | 7.84 |
| 6 | 5.7 | 0.3 | 0.09 | 0.2 | 0.04 |
| 8 | 8.2 | −0.2 | 0.04 | 2.2 | 4.84 |
|  |  |  | **SSE = 0.43** |  | **TSS = 14.8** |

$$ R^2 = 1 - \frac{\text{SSE}}{\text{TSS}} = 1 - \frac{0.43}{14.8} = \mathbf{0.9709}, \qquad \text{MSE} = \frac{\text{SSE}}{n} = 0.086, \qquad \text{RMSE} = \sqrt{\text{MSE}} = 0.2933 $$

The model explains 97.1% of the variation in y. RMSE (0.29) is in the same units as y, so it is the error to quote.

<!-- #endregion sse -->
<!-- #region cm -->

A screening test on 200 patients, 40 of whom have the disease. The test flags 50 people, 30 of them really ill.

|  | Predicted ill | Predicted healthy | Total |
|---|:-:|:-:|:-:|
| **Actually ill** | TP = 30 | FN = 10 | 40 |
| **Actually healthy** | FP = 20 | TN = 140 | 160 |
| **Total** | 50 | 150 | 200 |

| Metric | Formula | Value | Reads as |
|---|---|---|---|
| Accuracy | (TP + TN)/total | 170/200 = **0.85** | share of all calls that were right |
| Precision | TP/(TP + FP) | 30/50 = **0.6** | when it says ill, how often it is right |
| Recall (sensitivity, TPR) | TP/(TP + FN) | 30/40 = **0.75** | of the ill, how many it catches |
| F1 | 2PR/(P + R) = 2TP/(2TP + FP + FN) | 60/90 = **0.667** | balance of precision and recall |
| Specificity (TNR) | TN/(TN + FP) | 140/160 = **0.875** | of the healthy, how many it clears |
| FPR | FP/(FP + TN) = 1 − specificity | 20/160 = **0.125** | false alarms among the healthy |

**The accuracy paradox:** a "test" that calls everyone healthy scores 160/200 = **0.8** accuracy, close to this one’s 0.85, while catching **no** ill patient (recall 0). With imbalanced classes, never report accuracy alone.

<!-- #endregion cm -->
<!-- #region roc -->

Eight emails with the model’s spam probability; 4 are spam (1), 4 are not (0): 0.95 (1), 0.85 (1), 0.78 (0), 0.66 (1), 0.6 (0), 0.55 (1), 0.43 (0), 0.3 (0). Use each score as a threshold (spam if p ≥ t):

| Threshold t | TP | FP | FN | TN | TPR | FPR |
|:-:|:-:|:-:|:-:|:-:|--:|--:|
| 0.95 | 1 | 0 | 3 | 4 | 1/4 = 0.25 | 0/4 = 0 |
| 0.85 | 2 | 0 | 2 | 4 | 2/4 = 0.5 | 0/4 = 0 |
| 0.78 | 2 | 1 | 2 | 3 | 2/4 = 0.5 | 1/4 = 0.25 |
| 0.66 | 3 | 1 | 1 | 3 | 3/4 = 0.75 | 1/4 = 0.25 |
| 0.6 | 3 | 2 | 1 | 2 | 3/4 = 0.75 | 2/4 = 0.5 |
| 0.55 | 4 | 2 | 0 | 2 | 4/4 = 1 | 2/4 = 0.5 |
| 0.43 | 4 | 3 | 0 | 1 | 4/4 = 1 | 3/4 = 0.75 |
| 0.3 | 4 | 4 | 0 | 0 | 4/4 = 1 | 4/4 = 1 |

<svg class="fig narrow" viewBox="0 0 340 310" role="img" aria-label="ROC curve for the eight emails">
<line class="grid" x1="46" y1="270" x2="326" y2="270"/>
<line class="grid" x1="46" y1="205.5" x2="326" y2="205.5"/>
<line class="grid" x1="46" y1="141" x2="326" y2="141"/>
<line class="grid" x1="46" y1="76.5" x2="326" y2="76.5"/>
<line class="grid" x1="46" y1="12" x2="326" y2="12"/>
<line class="ax" x1="46" y1="270" x2="326" y2="270"/>
<line class="ax" x1="46" y1="270" x2="46" y2="12"/>
<line class="ax" x1="46" y1="270" x2="46" y2="274"/>
<text x="46" y="286" text-anchor="middle">0</text>
<line class="ax" x1="116" y1="270" x2="116" y2="274"/>
<text x="116" y="286" text-anchor="middle">0.25</text>
<line class="ax" x1="186" y1="270" x2="186" y2="274"/>
<text x="186" y="286" text-anchor="middle">0.5</text>
<line class="ax" x1="256" y1="270" x2="256" y2="274"/>
<text x="256" y="286" text-anchor="middle">0.75</text>
<line class="ax" x1="326" y1="270" x2="326" y2="274"/>
<text x="326" y="286" text-anchor="middle">1</text>
<line class="ax" x1="42" y1="270" x2="46" y2="270"/>
<text x="39" y="274" text-anchor="end">0</text>
<line class="ax" x1="42" y1="205.5" x2="46" y2="205.5"/>
<text x="39" y="209.5" text-anchor="end">0.25</text>
<line class="ax" x1="42" y1="141" x2="46" y2="141"/>
<text x="39" y="145" text-anchor="end">0.5</text>
<line class="ax" x1="42" y1="76.5" x2="46" y2="76.5"/>
<text x="39" y="80.5" text-anchor="end">0.75</text>
<line class="ax" x1="42" y1="12" x2="46" y2="12"/>
<text x="39" y="16" text-anchor="end">1</text>
<text class="lbl" x="186" y="304" text-anchor="middle">FPR</text>
<text class="lbl" x="12" y="141" text-anchor="middle" transform="rotate(-90 12 141)">TPR</text>
<polygon class="area" points="46,270 46,205.5 46,141 116,141 116,76.5 186,76.5 186,12 256,12 326,12 326,270"/>
<line class="m" x1="46" y1="270" x2="326" y2="12"/>
<polyline class="a" points="46,270 46,205.5 46,141 116,141 116,76.5 186,76.5 186,12 256,12 326,12"/>
<circle class="fa" cx="46" cy="270" r="3.5"/>
<circle class="fa" cx="46" cy="205.5" r="3.5"/>
<circle class="fa" cx="46" cy="141" r="3.5"/>
<circle class="fa" cx="116" cy="141" r="3.5"/>
<circle class="fa" cx="116" cy="76.5" r="3.5"/>
<circle class="fa" cx="186" cy="76.5" r="3.5"/>
<circle class="fa" cx="186" cy="12" r="3.5"/>
<circle class="fa" cx="256" cy="12" r="3.5"/>
<circle class="fa" cx="326" cy="12" r="3.5"/>
<text class="ta" x="172" y="205.5" text-anchor="start">AUC = 0.812</text>
</svg>

<p class="fig-cap">Each threshold is one point. Moving the threshold down walks the curve from (0, 0) to (1, 1).</p>

**AUC = 0.8125** by trapezoids. Check by pairs: 13 of the 16 (spam, not-spam) pairs have the spam scored higher, 13/16 = 0.8125. On the slides’ scale, 0.8–0.9 is "considerable".

<!-- #endregion roc -->
<!-- #region kfold -->

<svg class="fig" viewBox="0 0 520 160" role="img" aria-label="Five-fold cross-validation">
<text x="8" y="21">Round 1</text>
<rect class="fb" x="80" y="8" width="80" height="18" rx="2"/>
<text x="120.0" y="21" text-anchor="middle" style="fill:#fff;font-weight:600">test</text>
<rect class="area" x="164" y="8" width="80" height="18" rx="2"/>
<rect class="area" x="248" y="8" width="80" height="18" rx="2"/>
<rect class="area" x="332" y="8" width="80" height="18" rx="2"/>
<rect class="area" x="416" y="8" width="80" height="18" rx="2"/>
<text x="8" y="47">Round 2</text>
<rect class="area" x="80" y="34" width="80" height="18" rx="2"/>
<rect class="fb" x="164" y="34" width="80" height="18" rx="2"/>
<text x="204.0" y="47" text-anchor="middle" style="fill:#fff;font-weight:600">test</text>
<rect class="area" x="248" y="34" width="80" height="18" rx="2"/>
<rect class="area" x="332" y="34" width="80" height="18" rx="2"/>
<rect class="area" x="416" y="34" width="80" height="18" rx="2"/>
<text x="8" y="73">Round 3</text>
<rect class="area" x="80" y="60" width="80" height="18" rx="2"/>
<rect class="area" x="164" y="60" width="80" height="18" rx="2"/>
<rect class="fb" x="248" y="60" width="80" height="18" rx="2"/>
<text x="288.0" y="73" text-anchor="middle" style="fill:#fff;font-weight:600">test</text>
<rect class="area" x="332" y="60" width="80" height="18" rx="2"/>
<rect class="area" x="416" y="60" width="80" height="18" rx="2"/>
<text x="8" y="99">Round 4</text>
<rect class="area" x="80" y="86" width="80" height="18" rx="2"/>
<rect class="area" x="164" y="86" width="80" height="18" rx="2"/>
<rect class="area" x="248" y="86" width="80" height="18" rx="2"/>
<rect class="fb" x="332" y="86" width="80" height="18" rx="2"/>
<text x="372.0" y="99" text-anchor="middle" style="fill:#fff;font-weight:600">test</text>
<rect class="area" x="416" y="86" width="80" height="18" rx="2"/>
<text x="8" y="125">Round 5</text>
<rect class="area" x="80" y="112" width="80" height="18" rx="2"/>
<rect class="area" x="164" y="112" width="80" height="18" rx="2"/>
<rect class="area" x="248" y="112" width="80" height="18" rx="2"/>
<rect class="area" x="332" y="112" width="80" height="18" rx="2"/>
<rect class="fb" x="416" y="112" width="80" height="18" rx="2"/>
<text x="456.0" y="125" text-anchor="middle" style="fill:#fff;font-weight:600">test</text>
<text x="80" y="152">Each round trains on the 4 shaded folds and tests on the red one; the 5 errors are averaged.</text>
</svg>

<!-- #endregion kfold -->
