<!-- #region ls -->

| x | y | x² | xy |
|--:|--:|--:|--:|
| 1.2 | 4 | 1.44 | 4.8 |
| 2.3 | 5.6 | 5.29 | 12.88 |
| 3.1 | 7.9 | 9.61 | 24.49 |
| 3.4 | 8 | 11.56 | 27.2 |
| 4 | 10.1 | 16 | 40.4 |
| 4.6 | 10.4 | 21.16 | 47.84 |
| 5.5 | 12 | 30.25 | 66 |
| **24.1** | **58** | **95.31** | **223.61** |

$$ \begin{aligned} a &= \frac{n\sum xy - \sum x\sum y}{n\sum x^2 - (\sum x)^2} = \frac{7(223.61) - (24.1)(58)}{7(95.31) - (24.1)^2} = \frac{1565.27 - 1397.8}{667.17 - 580.81} = \frac{167.47}{86.36} = 1.94 \\ b &= \bar y - a\bar x = 8.2857 - 1.9392 \times 3.4429 = 1.61 \end{aligned} $$

**Line: ŷ = 1.94x + 1.61.** The data was made from y = 2x + 1.5 plus noise, and the fit recovers it closely. SSE = 0.974, TSS = 47.369, so R² = 1 − 0.974/47.369 = **0.98**: the line explains 98% of the variation.

<svg class="fig" viewBox="0 0 460 260" role="img" aria-label="The least-squares line through seven points">
<line class="ax" x1="36" y1="226" x2="446" y2="226"/>
<line class="ax" x1="36" y1="226" x2="36" y2="12"/>
<line class="ax" x1="36" y1="226" x2="36" y2="230"/>
<text x="36" y="242" text-anchor="middle">0</text>
<line class="ax" x1="104.3" y1="226" x2="104.3" y2="230"/>
<text x="104.3" y="242" text-anchor="middle">1</text>
<line class="ax" x1="172.7" y1="226" x2="172.7" y2="230"/>
<text x="172.7" y="242" text-anchor="middle">2</text>
<line class="ax" x1="241" y1="226" x2="241" y2="230"/>
<text x="241" y="242" text-anchor="middle">3</text>
<line class="ax" x1="309.3" y1="226" x2="309.3" y2="230"/>
<text x="309.3" y="242" text-anchor="middle">4</text>
<line class="ax" x1="377.7" y1="226" x2="377.7" y2="230"/>
<text x="377.7" y="242" text-anchor="middle">5</text>
<line class="ax" x1="446" y1="226" x2="446" y2="230"/>
<text x="446" y="242" text-anchor="middle">6</text>
<line class="ax" x1="32" y1="226" x2="36" y2="226"/>
<text x="29" y="230" text-anchor="end">0</text>
<line class="ax" x1="32" y1="160.2" x2="36" y2="160.2"/>
<text x="29" y="164.2" text-anchor="end">4</text>
<line class="ax" x1="32" y1="94.3" x2="36" y2="94.3"/>
<text x="29" y="98.3" text-anchor="end">8</text>
<line class="ax" x1="32" y1="28.5" x2="36" y2="28.5"/>
<text x="29" y="32.5" text-anchor="end">12</text>
<text class="lbl" x="241" y="254" text-anchor="middle">x</text>
<text class="lbl" x="12" y="119" text-anchor="middle" transform="rotate(-90 12 119)">y</text>
<polyline class="a" points="90.7,174 432.3,14.4"/>
<line class="m" x1="118" y1="160.2" x2="118" y2="161.2"/>
<circle class="fb" cx="118" cy="160.2" r="3.5"/>
<line class="m" x1="193.2" y1="133.8" x2="193.2" y2="126.1"/>
<circle class="fb" cx="193.2" cy="133.8" r="3.5"/>
<line class="m" x1="247.8" y1="96" x2="247.8" y2="100.5"/>
<circle class="fb" cx="247.8" cy="96" r="3.5"/>
<line class="m" x1="268.3" y1="94.3" x2="268.3" y2="91"/>
<circle class="fb" cx="268.3" cy="94.3" r="3.5"/>
<line class="m" x1="309.3" y1="59.7" x2="309.3" y2="71.8"/>
<circle class="fb" cx="309.3" cy="59.7" r="3.5"/>
<line class="m" x1="350.3" y1="54.8" x2="350.3" y2="52.7"/>
<circle class="fb" cx="350.3" cy="54.8" r="3.5"/>
<line class="m" x1="411.8" y1="28.5" x2="411.8" y2="23.9"/>
<circle class="fb" cx="411.8" cy="28.5" r="3.5"/>
<text class="ta" x="329.8" y="176.6" text-anchor="start">ŷ = 1.94x + 1.61</text>
</svg>

<p class="fig-cap">The dashed lines are the residuals. Least squares picks the one line that makes the sum of their squares smallest.</p>

<!-- #endregion ls -->
<!-- #region ridge -->

One feature, no intercept, data (1, 2), (2, 4), (3, 6). Then $X^TX = \sum x^2 = 14$ and $X^Ty = \sum xy = 28$, and the ridge weight is $w = \dfrac{\sum xy}{\sum x^2 + \lambda}$.

| λ | Working | w | Predictions for x = 1, 2, 3 |
|:-:|---|--:|---|
| 0 | 28/(14 + 0) | **2** | 2, 4, 6 |
| 1 | 28/(14 + 1) | **1.8667** | 1.87, 3.73, 5.6 |
| 7 | 28/(14 + 7) | **1.3333** | 1.33, 2.67, 4 |
| 14 | 28/(14 + 14) | **1** | 1, 2, 3 |
| 100 | 28/(14 + 100) | **0.2456** | 0.25, 0.49, 0.74 |

λ = 0 is ordinary least squares (w = 2, a perfect fit). As λ grows the weight **shrinks towards 0** but never reaches it. Ridge trades a little bias (worse fit on training data) for lower variance (a steadier model on new data).

<!-- #endregion ridge -->
<!-- #region gd1 -->

The slides’ example: minimise $f(w) = (w - 3)^2$ from $w_0 = 0$ with $\alpha = 0.1$. The gradient is $f'(w) = 2(w - 3)$.

| Iteration | w | f′(w) = 2(w − 3) | Update w ← w − α f′(w) | f(new w) |
|:-:|--:|--:|---|--:|
| 0 | 0 | −6 | 0 − 0.1 × (−6) = 0.6 | 5.76 |
| 1 | 0.6 | −4.8 | 0.6 − 0.1 × (−4.8) = 1.08 | 3.6864 |
| 2 | 1.08 | −3.84 | 1.08 − 0.1 × (−3.84) = 1.464 | 2.3593 |
| 3 | 1.464 | −3.072 | 1.464 − 0.1 × (−3.072) = 1.7712 | 1.5099 |
| 4 | 1.7712 | −2.4576 | 1.7712 − 0.1 × (−2.4576) = 2.017 | 0.9664 |
| 5 | 2.017 | −1.9661 | 2.017 − 0.1 × (−1.9661) = 2.2136 | 0.6185 |

After two steps **w = 1.08** (the slides’ answer). Each step closes 20% of the remaining gap to 3, so the steps shrink as the slope flattens: gradient descent slows down near the minimum by itself.

<!-- #endregion gd1 -->
<!-- #region lr-cases -->

<div class="fig-row">
<svg class="fig" viewBox="0 0 240 200" role="img" aria-label="α = 0.1: small, slow">
<line class="ax" x1="22" y1="178" x2="234" y2="178"/>
<line class="ax" x1="22" y1="178" x2="22" y2="22"/>
<polyline class="a" points="24.4,40.7 25.5,43.8 26.7,46.9 27.9,49.9 29.1,52.9 30.2,55.9 31.4,58.8 32.6,61.7 33.8,64.5 35,67.4 36.1,70.1 37.3,72.9 38.5,75.6 39.7,78.3 40.8,80.9 42,83.5 43.2,86.1 44.4,88.6 45.6,91.1 46.7,93.6 47.9,96 49.1,98.4 50.3,100.8 51.4,103.1 52.6,105.4 53.8,107.6 55,109.9 56.2,112 57.3,114.2 58.5,116.3 59.7,118.4 60.9,120.4 62,122.4 63.2,124.4 64.4,126.3 65.6,128.2 66.8,130.1 67.9,131.9 69.1,133.7 70.3,135.4 71.5,137.2 72.6,138.8 73.8,140.5 75,142.1 76.2,143.7 77.4,145.2 78.5,146.7 79.7,148.2 80.9,149.6 82.1,151 83.2,152.4 84.4,153.7 85.6,155 86.8,156.3 88,157.5 89.1,158.7 90.3,159.8 91.5,161 92.7,162 93.8,163.1 95,164.1 96.2,165.1 97.4,166 98.6,166.9 99.7,167.8 100.9,168.6 102.1,169.4 103.3,170.2 104.4,170.9 105.6,171.6 106.8,172.3 108,172.9 109.2,173.5 110.3,174 111.5,174.5 112.7,175 113.9,175.4 115,175.9 116.2,176.2 117.4,176.6 118.6,176.9 119.8,177.1 120.9,177.4 122.1,177.6 123.3,177.7 124.5,177.8 125.6,177.9 126.8,178 128,178 129.2,178 130.4,177.9 131.5,177.8 132.7,177.7 133.9,177.6 135.1,177.4 136.2,177.1 137.4,176.9 138.6,176.6 139.8,176.2 141,175.9 142.1,175.4 143.3,175 144.5,174.5 145.7,174 146.8,173.5 148,172.9 149.2,172.3 150.4,171.6 151.6,170.9 152.7,170.2 153.9,169.4 155.1,168.6 156.3,167.8 157.4,166.9 158.6,166 159.8,165.1 161,164.1 162.2,163.1 163.3,162 164.5,161 165.7,159.8 166.9,158.7 168,157.5 169.2,156.3 170.4,155 171.6,153.7 172.8,152.4 173.9,151 175.1,149.6 176.3,148.2 177.5,146.7 178.6,145.2 179.8,143.7 181,142.1 182.2,140.5 183.4,138.8 184.5,137.2 185.7,135.4 186.9,133.7 188.1,131.9 189.2,130.1 190.4,128.2 191.6,126.3 192.8,124.4 194,122.4 195.1,120.4 196.3,118.4 197.5,116.3 198.7,114.2 199.8,112 201,109.9 202.2,107.6 203.4,105.4 204.6,103.1 205.7,100.8 206.9,98.4 208.1,96 209.3,93.6 210.4,91.1 211.6,88.6 212.8,86.1 214,83.5 215.2,80.9 216.3,78.3 217.5,75.6 218.7,72.9 219.9,70.1 221,67.4 222.2,64.5 223.4,61.7 224.6,58.8 225.8,55.9 226.9,52.9 228.1,49.9 229.3,46.9 230.5,43.8 231.6,40.7 232.8,37.6"/>
<polyline class="b" points="57.3,114.2 71.5,137.2 82.8,151.9 91.8,161.3 99.1,167.3 104.8,171.1 109.5,173.6 113.2,175.2"/>
<circle class="fb" cx="57.3" cy="114.2" r="2.8"/>
<circle class="fb" cx="71.5" cy="137.2" r="2.8"/>
<circle class="fb" cx="82.8" cy="151.9" r="2.8"/>
<circle class="fb" cx="91.8" cy="161.3" r="2.8"/>
<circle class="fb" cx="99.1" cy="167.3" r="2.8"/>
<circle class="fb" cx="104.8" cy="171.1" r="2.8"/>
<circle class="fb" cx="109.5" cy="173.6" r="2.8"/>
<circle class="fb" cx="113.2" cy="175.2" r="2.8"/>
<text class="lbl" x="29.1" y="32.6" text-anchor="start">α = 0.1: small, slow</text>
</svg>
<svg class="fig" viewBox="0 0 240 200" role="img" aria-label="α = 0.85: large, zig-zags in">
<line class="ax" x1="22" y1="178" x2="234" y2="178"/>
<line class="ax" x1="22" y1="178" x2="22" y2="22"/>
<polyline class="a" points="24.4,40.7 25.5,43.8 26.7,46.9 27.9,49.9 29.1,52.9 30.2,55.9 31.4,58.8 32.6,61.7 33.8,64.5 35,67.4 36.1,70.1 37.3,72.9 38.5,75.6 39.7,78.3 40.8,80.9 42,83.5 43.2,86.1 44.4,88.6 45.6,91.1 46.7,93.6 47.9,96 49.1,98.4 50.3,100.8 51.4,103.1 52.6,105.4 53.8,107.6 55,109.9 56.2,112 57.3,114.2 58.5,116.3 59.7,118.4 60.9,120.4 62,122.4 63.2,124.4 64.4,126.3 65.6,128.2 66.8,130.1 67.9,131.9 69.1,133.7 70.3,135.4 71.5,137.2 72.6,138.8 73.8,140.5 75,142.1 76.2,143.7 77.4,145.2 78.5,146.7 79.7,148.2 80.9,149.6 82.1,151 83.2,152.4 84.4,153.7 85.6,155 86.8,156.3 88,157.5 89.1,158.7 90.3,159.8 91.5,161 92.7,162 93.8,163.1 95,164.1 96.2,165.1 97.4,166 98.6,166.9 99.7,167.8 100.9,168.6 102.1,169.4 103.3,170.2 104.4,170.9 105.6,171.6 106.8,172.3 108,172.9 109.2,173.5 110.3,174 111.5,174.5 112.7,175 113.9,175.4 115,175.9 116.2,176.2 117.4,176.6 118.6,176.9 119.8,177.1 120.9,177.4 122.1,177.6 123.3,177.7 124.5,177.8 125.6,177.9 126.8,178 128,178 129.2,178 130.4,177.9 131.5,177.8 132.7,177.7 133.9,177.6 135.1,177.4 136.2,177.1 137.4,176.9 138.6,176.6 139.8,176.2 141,175.9 142.1,175.4 143.3,175 144.5,174.5 145.7,174 146.8,173.5 148,172.9 149.2,172.3 150.4,171.6 151.6,170.9 152.7,170.2 153.9,169.4 155.1,168.6 156.3,167.8 157.4,166.9 158.6,166 159.8,165.1 161,164.1 162.2,163.1 163.3,162 164.5,161 165.7,159.8 166.9,158.7 168,157.5 169.2,156.3 170.4,155 171.6,153.7 172.8,152.4 173.9,151 175.1,149.6 176.3,148.2 177.5,146.7 178.6,145.2 179.8,143.7 181,142.1 182.2,140.5 183.4,138.8 184.5,137.2 185.7,135.4 186.9,133.7 188.1,131.9 189.2,130.1 190.4,128.2 191.6,126.3 192.8,124.4 194,122.4 195.1,120.4 196.3,118.4 197.5,116.3 198.7,114.2 199.8,112 201,109.9 202.2,107.6 203.4,105.4 204.6,103.1 205.7,100.8 206.9,98.4 208.1,96 209.3,93.6 210.4,91.1 211.6,88.6 212.8,86.1 214,83.5 215.2,80.9 216.3,78.3 217.5,75.6 218.7,72.9 219.9,70.1 221,67.4 222.2,64.5 223.4,61.7 224.6,58.8 225.8,55.9 226.9,52.9 228.1,49.9 229.3,46.9 230.5,43.8 231.6,40.7 232.8,37.6"/>
<polyline class="b" points="57.3,114.2 177.5,146.7 93.4,162.7 152.2,170.5 111,174.3 139.9,176.2 119.7,177.1 133.8,177.6"/>
<circle class="fb" cx="57.3" cy="114.2" r="2.8"/>
<circle class="fb" cx="177.5" cy="146.7" r="2.8"/>
<circle class="fb" cx="93.4" cy="162.7" r="2.8"/>
<circle class="fb" cx="152.2" cy="170.5" r="2.8"/>
<circle class="fb" cx="111" cy="174.3" r="2.8"/>
<circle class="fb" cx="139.9" cy="176.2" r="2.8"/>
<circle class="fb" cx="119.7" cy="177.1" r="2.8"/>
<circle class="fb" cx="133.8" cy="177.6" r="2.8"/>
<text class="lbl" x="29.1" y="32.6" text-anchor="start">α = 0.85: large, zig-zags in</text>
</svg>
<svg class="fig" viewBox="0 0 240 200" role="img" aria-label="α = 1.05: too large, diverges">
<line class="ax" x1="22" y1="178" x2="234" y2="178"/>
<line class="ax" x1="22" y1="178" x2="22" y2="22"/>
<polyline class="a" points="24.4,40.7 25.5,43.8 26.7,46.9 27.9,49.9 29.1,52.9 30.2,55.9 31.4,58.8 32.6,61.7 33.8,64.5 35,67.4 36.1,70.1 37.3,72.9 38.5,75.6 39.7,78.3 40.8,80.9 42,83.5 43.2,86.1 44.4,88.6 45.6,91.1 46.7,93.6 47.9,96 49.1,98.4 50.3,100.8 51.4,103.1 52.6,105.4 53.8,107.6 55,109.9 56.2,112 57.3,114.2 58.5,116.3 59.7,118.4 60.9,120.4 62,122.4 63.2,124.4 64.4,126.3 65.6,128.2 66.8,130.1 67.9,131.9 69.1,133.7 70.3,135.4 71.5,137.2 72.6,138.8 73.8,140.5 75,142.1 76.2,143.7 77.4,145.2 78.5,146.7 79.7,148.2 80.9,149.6 82.1,151 83.2,152.4 84.4,153.7 85.6,155 86.8,156.3 88,157.5 89.1,158.7 90.3,159.8 91.5,161 92.7,162 93.8,163.1 95,164.1 96.2,165.1 97.4,166 98.6,166.9 99.7,167.8 100.9,168.6 102.1,169.4 103.3,170.2 104.4,170.9 105.6,171.6 106.8,172.3 108,172.9 109.2,173.5 110.3,174 111.5,174.5 112.7,175 113.9,175.4 115,175.9 116.2,176.2 117.4,176.6 118.6,176.9 119.8,177.1 120.9,177.4 122.1,177.6 123.3,177.7 124.5,177.8 125.6,177.9 126.8,178 128,178 129.2,178 130.4,177.9 131.5,177.8 132.7,177.7 133.9,177.6 135.1,177.4 136.2,177.1 137.4,176.9 138.6,176.6 139.8,176.2 141,175.9 142.1,175.4 143.3,175 144.5,174.5 145.7,174 146.8,173.5 148,172.9 149.2,172.3 150.4,171.6 151.6,170.9 152.7,170.2 153.9,169.4 155.1,168.6 156.3,167.8 157.4,166.9 158.6,166 159.8,165.1 161,164.1 162.2,163.1 163.3,162 164.5,161 165.7,159.8 166.9,158.7 168,157.5 169.2,156.3 170.4,155 171.6,153.7 172.8,152.4 173.9,151 175.1,149.6 176.3,148.2 177.5,146.7 178.6,145.2 179.8,143.7 181,142.1 182.2,140.5 183.4,138.8 184.5,137.2 185.7,135.4 186.9,133.7 188.1,131.9 189.2,130.1 190.4,128.2 191.6,126.3 192.8,124.4 194,122.4 195.1,120.4 196.3,118.4 197.5,116.3 198.7,114.2 199.8,112 201,109.9 202.2,107.6 203.4,105.4 204.6,103.1 205.7,100.8 206.9,98.4 208.1,96 209.3,93.6 210.4,91.1 211.6,88.6 212.8,86.1 214,83.5 215.2,80.9 216.3,78.3 217.5,75.6 218.7,72.9 219.9,70.1 221,67.4 222.2,64.5 223.4,61.7 224.6,58.8 225.8,55.9 226.9,52.9 228.1,49.9 229.3,46.9 230.5,43.8 231.6,40.7 232.8,37.6"/>
<polyline class="b" points="57.3,114.2 205.7,100.8 42.5,84.6 222.1,64.9 24.5,41.2"/>
<circle class="fb" cx="57.3" cy="114.2" r="2.8"/>
<circle class="fb" cx="205.7" cy="100.8" r="2.8"/>
<circle class="fb" cx="42.5" cy="84.6" r="2.8"/>
<circle class="fb" cx="222.1" cy="64.9" r="2.8"/>
<circle class="fb" cx="24.5" cy="41.2" r="2.8"/>
<text class="lbl" x="29.1" y="32.6" text-anchor="start">α = 1.05: too large, diverges</text>
</svg>
</div>

<p class="fig-cap">Seven steps from w = 0 on f(w) = (w − 3)². Too small: crawls. Large: overshoots back and forth but still settles. Too large: every step overshoots further and the cost grows.</p>

<!-- #endregion lr-cases -->
<!-- #region gd-lr -->

**Iteration 1** (w = 0, b = 0):

| x | y | ŷ = wx + b | e = ŷ − y | e·x |
|:-:|:-:|--:|--:|--:|
| 1 | 3 | 0 | −3 | −3 |
| 2 | 4 | 0 | −4 | −8 |
| 4 | 8 | 0 | −8 | −32 |
|  |  | **Σ** | **−15** | **−43** |

$$ \begin{aligned} \frac{\partial J}{\partial w} &= \tfrac{2}{n}\textstyle\sum e\,x = \tfrac{2}{3}(-43) = -28.6667, &w &\leftarrow 0 - 0.05(-28.6667) = \mathbf{1.4333} \\ \frac{\partial J}{\partial b} &= \tfrac{2}{n}\textstyle\sum e = \tfrac{2}{3}(-15) = -10, &b &\leftarrow 0 - 0.05(-10) = \mathbf{0.5} \end{aligned} $$

**Iteration 2** (w = 1.4333, b = 0.5):

| x | y | ŷ = wx + b | e = ŷ − y | e·x |
|:-:|:-:|--:|--:|--:|
| 1 | 3 | 1.9333 | −1.0667 | −1.0667 |
| 2 | 4 | 3.3667 | −0.6333 | −1.2667 |
| 4 | 8 | 6.2333 | −1.7667 | −7.0667 |
|  |  | **Σ** | **−3.4667** | **−9.4** |

$$ \begin{aligned} \frac{\partial J}{\partial w} &= \tfrac{2}{n}\textstyle\sum e\,x = \tfrac{2}{3}(-9.4) = -6.2667, &w &\leftarrow 1.4333 - 0.05(-6.2667) = \mathbf{1.7467} \\ \frac{\partial J}{\partial b} &= \tfrac{2}{n}\textstyle\sum e = \tfrac{2}{3}(-3.4667) = -2.3111, &b &\leftarrow 0.5 - 0.05(-2.3111) = \mathbf{0.6156} \end{aligned} $$

MSE: 29.6667 at the start → 0.1923 after two iterations. (The least-squares answer for this data is w = 1.7143, b = 1; gradient descent is walking towards it.)

<!-- #endregion gd-lr -->
<!-- #region nonconvex -->

<svg class="fig" viewBox="0 0 520 280" role="img" aria-label="A non-convex function with a local and a global minimum">
<line class="ax" x1="36" y1="250" x2="506" y2="250"/>
<line class="ax" x1="36" y1="250" x2="36" y2="12"/>
<text class="lbl" x="271" y="274" text-anchor="middle">parameter</text>
<text class="lbl" x="12" y="131" text-anchor="middle" transform="rotate(-90 12 131)">cost</text>
<polyline class="a" points="57.4,71.5 58.4,77.1 59.5,82.6 60.6,87.9 61.6,93.1 62.7,98.2 63.8,103.2 64.8,108.1 65.9,112.8 67,117.5 68,122 69.1,126.4 70.2,130.7 71.2,134.9 72.3,139 73.4,143 74.5,146.9 75.5,150.7 76.6,154.4 77.7,157.9 78.7,161.4 79.8,164.8 80.9,168.1 81.9,171.3 83,174.4 84.1,177.4 85.1,180.3 86.2,183.1 87.3,185.8 88.3,188.5 89.4,191 90.5,193.5 91.5,195.9 92.6,198.2 93.7,200.4 94.8,202.6 95.8,204.6 96.9,206.6 98,208.5 99,210.4 100.1,212.1 101.2,213.8 102.2,215.4 103.3,216.9 104.4,218.4 105.4,219.8 106.5,221.2 107.6,222.4 108.6,223.6 109.7,224.8 110.8,225.8 111.8,226.8 112.9,227.8 114,228.7 115,229.5 116.1,230.3 117.2,231 118.3,231.6 119.3,232.2 120.4,232.8 121.5,233.3 122.5,233.7 123.6,234.1 124.7,234.5 125.7,234.8 126.8,235 127.9,235.2 128.9,235.4 130,235.5 131.1,235.5 132.1,235.5 133.2,235.5 134.3,235.4 135.3,235.3 136.4,235.2 137.5,235 138.5,234.8 139.6,234.5 140.7,234.2 141.8,233.9 142.8,233.5 143.9,233.1 145,232.7 146,232.2 147.1,231.7 148.2,231.2 149.2,230.7 150.3,230.1 151.4,229.5 152.4,228.8 153.5,228.2 154.6,227.5 155.6,226.8 156.7,226 157.8,225.3 158.8,224.5 159.9,223.7 161,222.8 162,222 163.1,221.1 164.2,220.2 165.2,219.3 166.3,218.4 167.4,217.5 168.5,216.5 169.5,215.6 170.6,214.6 171.7,213.6 172.7,212.6 173.8,211.6 174.9,210.5 175.9,209.5 177,208.5 178.1,207.4 179.1,206.3 180.2,205.2 181.3,204.2 182.3,203.1 183.4,202 184.5,200.8 185.5,199.7 186.6,198.6 187.7,197.5 188.8,196.4 189.8,195.2 190.9,194.1 192,193 193,191.8 194.1,190.7 195.2,189.6 196.2,188.4 197.3,187.3 198.4,186.1 199.4,185 200.5,183.9 201.6,182.7 202.6,181.6 203.7,180.5 204.8,179.4 205.8,178.2 206.9,177.1 208,176 209,174.9 210.1,173.8 211.2,172.7 212.2,171.6 213.3,170.6 214.4,169.5 215.5,168.4 216.5,167.4 217.6,166.3 218.7,165.3 219.7,164.3 220.8,163.2 221.9,162.2 222.9,161.2 224,160.3 225.1,159.3 226.1,158.3 227.2,157.4 228.3,156.4 229.3,155.5 230.4,154.6 231.5,153.7 232.5,152.8 233.6,151.9 234.7,151 235.8,150.2 236.8,149.3 237.9,148.5 239,147.7 240,146.9 241.1,146.1 242.2,145.4 243.2,144.6 244.3,143.9 245.4,143.2 246.4,142.5 247.5,141.8 248.6,141.1 249.6,140.5 250.7,139.8 251.8,139.2 252.8,138.6 253.9,138 255,137.5 256,136.9 257.1,136.4 258.2,135.8 259.2,135.3 260.3,134.9 261.4,134.4 262.5,133.9 263.5,133.5 264.6,133.1 265.7,132.7 266.7,132.3 267.8,132 268.9,131.6 269.9,131.3 271,131 272.1,130.7 273.1,130.4 274.2,130.2 275.3,130 276.3,129.7 277.4,129.5 278.5,129.4 279.5,129.2 280.6,129 281.7,128.9 282.8,128.8 283.8,128.7 284.9,128.6 286,128.6 287,128.5 288.1,128.5 289.2,128.5 290.2,128.5 291.3,128.5 292.4,128.6 293.4,128.6 294.5,128.7 295.6,128.8 296.6,128.9 297.7,129 298.8,129.2 299.8,129.3 300.9,129.5 302,129.7 303,129.9 304.1,130.1 305.2,130.3 306.2,130.5 307.3,130.8 308.4,131.1 309.5,131.4 310.5,131.7 311.6,132 312.7,132.3 313.7,132.6 314.8,133 315.9,133.3 316.9,133.7 318,134.1 319.1,134.5 320.1,134.9 321.2,135.3 322.3,135.7 323.3,136.1 324.4,136.6 325.5,137 326.5,137.5 327.6,138 328.7,138.4 329.8,138.9 330.8,139.4 331.9,139.9 333,140.4 334,140.9 335.1,141.4 336.2,141.9 337.2,142.5 338.3,143 339.4,143.5 340.4,144.1 341.5,144.6 342.6,145.1 343.6,145.7 344.7,146.2 345.8,146.8 346.8,147.3 347.9,147.9 349,148.4 350,148.9 351.1,149.5 352.2,150 353.2,150.6 354.3,151.1 355.4,151.6 356.5,152.1 357.5,152.7 358.6,153.2 359.7,153.7 360.7,154.2 361.8,154.7 362.9,155.2 363.9,155.6 365,156.1 366.1,156.6 367.1,157 368.2,157.4 369.3,157.9 370.3,158.3 371.4,158.7 372.5,159.1 373.5,159.4 374.6,159.8 375.7,160.1 376.8,160.4 377.8,160.8 378.9,161 380,161.3 381,161.6 382.1,161.8 383.2,162 384.2,162.2 385.3,162.4 386.4,162.5 387.4,162.6 388.5,162.7 389.6,162.8 390.6,162.8 391.7,162.8 392.8,162.8 393.8,162.8 394.9,162.7 396,162.6 397,162.5 398.1,162.3 399.2,162.1 400.2,161.9 401.3,161.6 402.4,161.3 403.5,161 404.5,160.6 405.6,160.2 406.7,159.8 407.7,159.3 408.8,158.8 409.9,158.2 410.9,157.6 412,156.9 413.1,156.2 414.1,155.5 415.2,154.7 416.3,153.8 417.3,153 418.4,152 419.5,151 420.5,150 421.6,148.9 422.7,147.8 423.8,146.6 424.8,145.3 425.9,144 427,142.6 428,141.2 429.1,139.7 430.2,138.2 431.2,136.6 432.3,134.9 433.4,133.2 434.4,131.4 435.5,129.5 436.6,127.6 437.6,125.6 438.7,123.5 439.8,121.4 440.8,119.2 441.9,116.9 443,114.6 444,112.1 445.1,109.6 446.2,107 447.2,104.4 448.3,101.7 449.4,98.8 450.5,95.9 451.5,92.9 452.6,89.9 453.7,86.7 454.7,83.5 455.8,80.2 456.9,76.7 457.9,73.2 459,69.6 460.1,66 461.1,62.2 462.2,58.3 463.3,54.3 464.3,50.2 465.4,46.1 466.5,41.8 467.5,37.4 468.6,32.9 469.7,28.4 470.8,23.7 471.8,18.9 472.9,14"/>
<polyline class="c" points="57.4,71.5 98,208.5 111.4,226.4 118.6,231.9 123,233.9 125.8,234.8 127.7,235.2 129,235.4 129.9,235.5 130.5,235.5 131,235.5 131.3,235.5 131.5,235.5 131.7,235.5 131.8,235.5 131.9,235.5 131.9,235.5 131.9,235.5 132,235.5 132,235.5 132,235.5 132,235.5 132,235.5 132,235.5 132,235.5 132,235.5 132,235.5 132,235.5 132,235.5 132,235.5 132,235.5 132,235.5 132,235.5 132,235.5 132,235.5 132,235.5 132,235.5 132,235.5 132,235.5 132,235.5 132,235.5"/>
<circle class="fc" cx="57.4" cy="71.5" r="4"/>
<circle class="fc" cx="132" cy="235.5" r="5"/>
<polyline class="b" points="437.6,125.7 423,147.4 414.5,155.2 408.9,158.7 404.9,160.5 402,161.5 399.8,162 398.2,162.3 396.9,162.5 395.8,162.6 395.1,162.7 394.4,162.8 393.9,162.8 393.5,162.8 393.2,162.8 392.9,162.8 392.7,162.8 392.5,162.8 392.4,162.8 392.3,162.8 392.2,162.8 392.1,162.8 392.1,162.8 392,162.8 392,162.8 391.9,162.8 391.9,162.8 391.9,162.8 391.9,162.8 391.9,162.8 391.8,162.8 391.8,162.8 391.8,162.8 391.8,162.8 391.8,162.8 391.8,162.8 391.8,162.8 391.8,162.8 391.8,162.8 391.8,162.8"/>
<circle class="fb" cx="474" cy="9" r="4"/>
<circle class="fb" cx="391.8" cy="162.8" r="5"/>
<text class="tc" x="132.1" y="255.4" text-anchor="middle">global minimum</text>
<text class="tb" x="391.8" y="184.2" text-anchor="middle">local minimum</text>
<circle class="fm" cx="289.1" cy="128.5" r="3.5"/>
<text x="289.1" y="115.1" text-anchor="middle">local maximum: slope 0 here too</text>
</svg>

<p class="fig-cap">Two runs of gradient descent on f(x) = x⁴ − 3x² + x. The green start rolls into the global minimum; the red start gets stuck in the local one. The slope is zero at both, so the algorithm cannot tell them apart.</p>

<!-- #endregion nonconvex -->
<!-- #region sigmoid -->

<svg class="fig" viewBox="0 0 480 250" role="img" aria-label="The sigmoid function">
<line class="grid" x1="40" y1="216" x2="466" y2="216"/>
<line class="grid" x1="40" y1="114" x2="466" y2="114"/>
<line class="grid" x1="40" y1="12" x2="466" y2="12"/>
<line class="ax" x1="40" y1="216" x2="466" y2="216"/>
<line class="ax" x1="40" y1="216" x2="40" y2="12"/>
<line class="ax" x1="40" y1="216" x2="40" y2="220"/>
<text x="40" y="232" text-anchor="middle">-6</text>
<line class="ax" x1="146.5" y1="216" x2="146.5" y2="220"/>
<text x="146.5" y="232" text-anchor="middle">-3</text>
<line class="ax" x1="253" y1="216" x2="253" y2="220"/>
<text x="253" y="232" text-anchor="middle">0</text>
<line class="ax" x1="359.5" y1="216" x2="359.5" y2="220"/>
<text x="359.5" y="232" text-anchor="middle">3</text>
<line class="ax" x1="466" y1="216" x2="466" y2="220"/>
<text x="466" y="232" text-anchor="middle">6</text>
<line class="ax" x1="36" y1="216" x2="40" y2="216"/>
<text x="33" y="220" text-anchor="end">0</text>
<line class="ax" x1="36" y1="114" x2="40" y2="114"/>
<text x="33" y="118" text-anchor="end">0.5</text>
<line class="ax" x1="36" y1="12" x2="40" y2="12"/>
<text x="33" y="16" text-anchor="end">1</text>
<text class="lbl" x="253" y="244" text-anchor="middle">z = b₀ + b₁x₁ + …</text>
<text class="lbl" x="12" y="114" text-anchor="middle" transform="rotate(-90 12 114)">σ(z)</text>
<polyline class="a" points="40,215.5 41.8,215.5 43.5,215.4 45.3,215.4 47.1,215.4 48.9,215.4 50.6,215.3 52.4,215.3 54.2,215.2 56,215.2 57.8,215.2 59.5,215.1 61.3,215.1 63.1,215 64.9,215 66.6,214.9 68.4,214.9 70.2,214.8 72,214.8 73.7,214.7 75.5,214.6 77.3,214.6 79,214.5 80.8,214.4 82.6,214.3 84.4,214.3 86.2,214.2 87.9,214.1 89.7,214 91.5,213.9 93.2,213.8 95,213.6 96.8,213.5 98.6,213.4 100.4,213.3 102.1,213.1 103.9,213 105.7,212.8 107.5,212.7 109.2,212.5 111,212.3 112.8,212.1 114.6,212 116.3,211.7 118.1,211.5 119.9,211.3 121.7,211.1 123.4,210.8 125.2,210.6 127,210.3 128.8,210 130.5,209.7 132.3,209.4 134.1,209.1 135.9,208.7 137.6,208.4 139.4,208 141.2,207.6 143,207.2 144.7,206.8 146.5,206.3 148.3,205.9 150.1,205.4 151.8,204.8 153.6,204.3 155.4,203.7 157.2,203.2 158.9,202.5 160.7,201.9 162.5,201.2 164.2,200.5 166,199.8 167.8,199 169.6,198.2 171.3,197.4 173.1,196.5 174.9,195.7 176.7,194.7 178.5,193.7 180.2,192.7 182,191.7 183.8,190.6 185.6,189.5 187.3,188.3 189.1,187.1 190.9,185.8 192.7,184.5 194.4,183.1 196.2,181.7 198,180.3 199.8,178.8 201.5,177.2 203.3,175.6 205.1,174 206.8,172.3 208.6,170.6 210.4,168.8 212.2,166.9 214,165.1 215.7,163.1 217.5,161.1 219.3,159.1 221.1,157 222.8,154.9 224.6,152.8 226.4,150.6 228.2,148.3 229.9,146 231.7,143.7 233.5,141.4 235.2,139 237,136.6 238.8,134.1 240.6,131.7 242.4,129.2 244.1,126.7 245.9,124.2 247.7,121.6 249.5,119.1 251.2,116.5 253,114 254.8,111.5 256.6,108.9 258.3,106.4 260.1,103.8 261.9,101.3 263.6,98.8 265.4,96.3 267.2,93.9 269,91.4 270.8,89 272.5,86.6 274.3,84.3 276.1,82 277.9,79.7 279.6,77.4 281.4,75.2 283.2,73.1 285,71 286.7,68.9 288.5,66.9 290.3,64.9 292.1,62.9 293.8,61.1 295.6,59.2 297.4,57.4 299.2,55.7 300.9,54 302.7,52.4 304.5,50.8 306.2,49.2 308,47.7 309.8,46.3 311.6,44.9 313.4,43.5 315.1,42.2 316.9,40.9 318.7,39.7 320.4,38.5 322.2,37.4 324,36.3 325.8,35.3 327.5,34.3 329.3,33.3 331.1,32.3 332.9,31.5 334.7,30.6 336.4,29.8 338.2,29 340,28.2 341.8,27.5 343.5,26.8 345.3,26.1 347.1,25.5 348.9,24.8 350.6,24.3 352.4,23.7 354.2,23.2 355.9,22.6 357.7,22.1 359.5,21.7 361.3,21.2 363.1,20.8 364.8,20.4 366.6,20 368.4,19.6 370.2,19.3 371.9,18.9 373.7,18.6 375.5,18.3 377.2,18 379,17.7 380.8,17.4 382.6,17.2 384.4,16.9 386.1,16.7 387.9,16.5 389.7,16.3 391.5,16 393.2,15.9 395,15.7 396.8,15.5 398.6,15.3 400.3,15.2 402.1,15 403.9,14.9 405.7,14.7 407.4,14.6 409.2,14.5 411,14.4 412.8,14.2 414.5,14.1 416.3,14 418.1,13.9 419.9,13.8 421.6,13.7 423.4,13.7 425.2,13.6 426.9,13.5 428.7,13.4 430.5,13.4 432.3,13.3 434.1,13.2 435.8,13.2 437.6,13.1 439.4,13.1 441.2,13 442.9,13 444.7,12.9 446.5,12.9 448.2,12.8 450,12.8 451.8,12.8 453.6,12.7 455.4,12.7 457.1,12.6 458.9,12.6 460.7,12.6 462.4,12.6 464.2,12.5 466,12.5"/>
<circle class="fb" cx="146.5" cy="206.3" r="3.5"/>
<text x="47.1" y="183.4" text-anchor="start">σ(−3) = 0.047</text>
<circle class="fb" cx="253" cy="114" r="3.5"/>
<text x="240.6" y="107.9" text-anchor="end">σ(0) = 0.5</text>
<circle class="fb" cx="320.4" cy="38.5" r="3.5"/>
<text x="325.8" y="77.3" text-anchor="start">σ(1.9) = 0.87</text>
<circle class="fb" cx="359.5" cy="21.7" r="3.5"/>
<text x="370.2" y="48.7" text-anchor="start">σ(3) = 0.953</text>
<text x="458.9" y="107.9" text-anchor="end">threshold 0.5 → class 1 above</text>
</svg>

<p class="fig-cap">Any real z is squashed into (0, 1). σ(0) = 0.5, so the decision boundary is the line z = 0.</p>

<!-- #endregion sigmoid -->
<!-- #region odds -->

| Group | Delinquent / total | p | odds = p/(1 − p) |
|---|---|--:|---|
| Normal testosterone | 402 / 4016 | 0.1001 | 0.1001 / 0.8999 = **0.111** |
| High testosterone | 101 / 446 | 0.2265 | 101/345 = **0.293** |

**Odds ratio** = 0.2928 / 0.1112 = **2.63**: the odds of delinquency are about 2.6 times higher in the high group. (The slide divides the rounded odds, 0.293/0.111, and gets 2.64. Either is fine; show the working.)

**Cancer study:** log odds = −2.6837 + 0.0812 × SurvRate.

| SurvRate | log odds (z) | odds = e^z | p = odds/(1 + odds) |
|:-:|---|---|---|
| 40 | −2.6837 + 0.0812 × 40 = 0.5643 | e^0.5643 = 1.758 | 0.6374 |
| 41 | −2.6837 + 0.0812 × 41 = 0.6455 | e^0.6455 = 1.907 | 0.656 |

Odds ratio for one extra unit: 1.907/1.758 = 1.0846 = e^0.0812: the odds rise by 8.5% per unit, while the probability only moves from 0.6374 to 0.656.

**Programming-task study:** b₀ = −3.0597, b₁ = 0.1615 (x = months of experience). p(14 months) = 1/(1 + e^−(−3.0597 + 0.1615 × 14)) = **0.31**. Odds ratio per month = e^0.1615 = **1.175** (+17.5% per month); over 15 months (10 vs 25) it is e^(15 × 0.1615) = **11.3**, an eleven-fold rise in the odds.

<!-- #endregion odds -->
<!-- #region logistic-gd -->

| x | y | z = wx + b | p = σ(z) | p − y | (p − y)x |
|:-:|:-:|--:|--:|--:|--:|
| 1 | 0 | 0 | 0.5 | 0.5 | 0.5 |
| 2 | 1 | 0 | 0.5 | −0.5 | −1 |
| 4 | 1 | 0 | 0.5 | −0.5 | −2 |
|  |  |  | **Σ** | **−0.5** | **−2.5** |

$$ \begin{aligned} \frac{\partial J}{\partial w} &= \tfrac{1}{m}\textstyle\sum (p - y)x = \tfrac{1}{3}(-2.5) = -0.8333, & w &\leftarrow 0 - 0.1(-0.8333) = \mathbf{0.0833} \\ \frac{\partial J}{\partial b} &= \tfrac{1}{m}\textstyle\sum (p - y) = \tfrac{1}{3}(-0.5) = -0.1667, & b &\leftarrow 0 - 0.1(-0.1667) = \mathbf{0.0167} \end{aligned} $$

Log loss falls from 0.6931 (that is ln 2: every p = 0.5) to 0.6278. The update has exactly the shape of linear regression’s; only ŷ = σ(z) is different.

<!-- #endregion logistic-gd -->
