1D: [1 2 3 4] (4,)
2D:
 [[1 2 3]
 [4 5 6]] (2, 3)
ND:
 [[[1 2]
  [3 4]]

 [[5 6]
  [7 8]]] (2, 2, 2)

Random array:
 [[0.5488135  0.71518937 0.60276338]
 [0.54488318 0.4236548  0.64589411]
 [0.43758721 0.891773   0.96366276]]

Loaded array:
 [[1 2 3]
 [4 5 6]]

Original shape: (12,)
Reshaped:
 [[ 0  1  2  3]
 [ 4  5  6  7]
 [ 8  9 10 11]] (3, 4)

Zeros:
 [[0. 0. 0.]
 [0. 0. 0.]]
Ones:
 [[1. 1. 1.]
 [1. 1. 1.]]

Range array: [ 0  2  4  6  8 10 12 14 16 18]

Matrix:
 [[ 1  2  3  4]
 [ 5  6  7  8]
 [ 9 10 11 12]
 [13 14 15 16]]
Element at [1,2]: 7
Row 1: [1 2 3 4]
Column 2: [ 2  6 10 14]
Split into 2:
 [[1 2 3 4]
 [5 6 7 8]] 
---
 [[ 9 10 11 12]
 [13 14 15 16]]
Iterating:
1 2 3 4 5 6 7 8 9 10 11 12 13 14 15 16 

Original x: [1 2 3] | copy modified: [99  2  3]
Concatenated: [1 2 3 4 5 6]
Reversed: [3 2 1]
Sum: [5 7 9]

Vertical stack:
 [[1 2 3]
 [4 5 6]]
Horizontal stack: [1 2 3 4 5 6]

Dot product: 32
Cross product: [-3  6 -3]
