First 5 rows:
    YearsExperience  Salary
0              1.1   39343
1              1.3   46205
2              1.5   37731
3              2.0   43525
4              2.2   39891

Shape: (30, 2)
Missing values:
 YearsExperience    0
Salary             0
dtype: int64

X (first 5):
    YearsExperience
0              1.1
1              1.3
2              1.5
3              2.0
4              2.2
y (first 5):
 0    39343
1    46205
2    37731
3    43525
4    39891
Name: Salary, dtype: int64

Train size: (24, 1) | Test size: (6, 1)

Model trained.

Predicted salaries:
 [115790.21011287  71498.27809463 102596.86866063  75267.80422384
  55477.79204548  60189.69970699]
Actual salaries:
 [112635  67938 113812  83088  64445  57189]

Slope (coefficient): 9423.815323030976
Intercept: 25321.583011776813

Mean Squared Error: 49830096.85590839
R2 Score: 0.9024461774180497
