MinMax scaled:
      Age  Salary  Experience
0  0.091   0.039       0.053
1  0.409   0.275       0.368
2  0.420   0.196       0.211
3  0.227   0.407       0.105
4  0.818   0.843       0.737
5  0.591   0.529       0.474
6  0.420   0.373       0.263
8  0.000   0.000       0.000
9  1.000   1.000       1.000

Standard scaled:
      Age  Salary  Experience
0 -1.148  -1.149      -0.970
1 -0.107  -0.414       0.037
2 -0.070  -0.659      -0.466
3 -0.702   0.000      -0.802
4  1.230   1.364       1.212
5  0.487   0.383       0.373
6 -0.070  -0.107      -0.298
8 -1.445  -1.272      -1.137
9  1.825   1.854       2.051

Means after standardising: [0. 0. 0.]
Std devs after standardising: [1. 1. 1.]
