Shape: (10, 6)

Data types:
 Name              str
Age           float64
Salary        float64
City              str
Department        str
Experience      int64
dtype: object

Missing values per column:
 Name          0
Age           2
Salary        2
City          2
Department    0
Experience    0
dtype: int64

Info summary:
<class 'pandas.DataFrame'>
RangeIndex: 10 entries, 0 to 9
Data columns (total 6 columns):
 #   Column      Non-Null Count  Dtype  
---  ------      --------------  -----  
 0   Name        10 non-null     str    
 1   Age         8 non-null      float64
 2   Salary      8 non-null      float64
 3   City        8 non-null      str    
 4   Department  10 non-null     str    
 5   Experience  10 non-null     int64  
dtypes: float64(2), int64(1), str(3)
memory usage: 612.0 bytes
