Original dataset:
      Name   Age   Salary    City Department  Experience
0    Amit  25.0  50000.0   Delhi         IT           2
1  Bhavna  32.0  62000.0  Mumbai         HR           8
2  Chirag   NaN  58000.0   Delhi         IT           5
3   Divya  28.0      NaN    Pune      Sales           3
4   Eshan  41.0  91000.0     NaN         IT          15
5   Farah  36.0  75000.0  Mumbai         HR          10
6  Gaurav   NaN  67000.0   Delhi      Sales           6
7   Divya  28.0      NaN    Pune      Sales           3
8    Isha  23.0  48000.0    Pune         IT           1
9   Jatin  45.0  99000.0     NaN         HR          20

Shape: (10, 6)

Data types:
 Name              str
Age           float64
Salary        float64
City              str
Department        str
Experience      int64
dtype: object

Missing values per column:
 Name          0
Age           2
Salary        2
City          2
Department    0
Experience    0
dtype: int64

Info summary:
<class 'pandas.DataFrame'>
RangeIndex: 10 entries, 0 to 9
Data columns (total 6 columns):
 #   Column      Non-Null Count  Dtype  
---  ------      --------------  -----  
 0   Name        10 non-null     str    
 1   Age         8 non-null      float64
 2   Salary      8 non-null      float64
 3   City        8 non-null      str    
 4   Department  10 non-null     str    
 5   Experience  10 non-null     int64  
dtypes: float64(2), int64(1), str(3)
memory usage: 612.0 bytes

After mean imputation (Age, Salary):
      Age   Salary
0  25.00  50000.0
1  32.00  62000.0
2  32.25  58000.0
3  28.00  68750.0
4  41.00  91000.0
5  36.00  75000.0
6  32.25  67000.0
7  28.00  68750.0
8  23.00  48000.0
9  45.00  99000.0

Median-imputed version:
     Age   Salary
0  25.0  50000.0
1  32.0  62000.0
2  30.0  58000.0
3  28.0  64500.0
4  41.0  91000.0
5  36.0  75000.0
6  30.0  67000.0
7  28.0  64500.0
8  23.0  48000.0
9  45.0  99000.0

After mode imputation (City):
 0     Delhi
1    Mumbai
2     Delhi
3      Pune
4     Delhi
5    Mumbai
6     Delhi
7      Pune
8      Pune
9     Delhi
Name: City, dtype: str

Missing values now:
 Name          0
Age           0
Salary        0
City          0
Department    0
Experience    0
dtype: int64

Duplicate rows flagged:
 0    False
1    False
2    False
3    False
4    False
5    False
6    False
7     True
8    False
9    False
dtype: bool
Number of duplicates: 1
Shape before: (10, 6) | after: (9, 6)
Duplicates on Name only: 1

Label encoding of Department:
  Department  Department_LE
0         IT              1
1         HR              0
2         IT              1
3      Sales              2
4         IT              1
5         HR              0
6      Sales              2
8         IT              1
9         HR              0
Classes learned: ['HR', 'IT', 'Sales']
Inverse check: ['HR' 'IT' 'Sales']

One-hot via pd.get_dummies:
    City_Delhi  City_Mumbai  City_Pune
0        True        False      False
1       False         True      False
2        True        False      False
3       False        False       True
4        True        False      False
5       False         True      False
6        True        False      False
8       False        False       True
9        True        False      False

One-hot via OneHotEncoder:
    City_Delhi  City_Mumbai  City_Pune
0         1.0          0.0        0.0
1         0.0          1.0        0.0
2         1.0          0.0        0.0
3         0.0          0.0        1.0
4         1.0          0.0        0.0
5         0.0          1.0        0.0
6         1.0          0.0        0.0
8         0.0          0.0        1.0
9         1.0          0.0        0.0

MinMax scaled:
      Age  Salary  Experience
0  0.091   0.039       0.053
1  0.409   0.275       0.368
2  0.420   0.196       0.211
3  0.227   0.407       0.105
4  0.818   0.843       0.737
5  0.591   0.529       0.474
6  0.420   0.373       0.263
8  0.000   0.000       0.000
9  1.000   1.000       1.000

Standard scaled:
      Age  Salary  Experience
0 -1.148  -1.149      -0.970
1 -0.107  -0.414       0.037
2 -0.070  -0.659      -0.466
3 -0.702   0.000      -0.802
4  1.230   1.364       1.212
5  0.487   0.383       0.373
6 -0.070  -0.107      -0.298
8 -1.445  -1.272      -1.137
9  1.825   1.854       2.051

Means after standardising: [0. 0. 0.]
Std devs after standardising: [1. 1. 1.]

Engineered features:
      Age   Salary  Experience  Salary_per_Year_Exp  Senior Age_Group
0  25.00  50000.0           2             25000.00       0     Young
1  32.00  62000.0           8              7750.00       0       Mid
2  32.25  58000.0           5             11600.00       0       Mid
3  28.00  68750.0           3             22916.67       0     Young
4  41.00  91000.0          15              6066.67       1    Senior
5  36.00  75000.0          10              7500.00       1       Mid
6  32.25  67000.0           6             11166.67       0       Mid
8  23.00  48000.0           1             48000.00       0     Young
9  45.00  99000.0          20              4950.00       1    Senior

X_train shape: (7, 4) | X_test shape: (2, 4)
y_train shape: (7,) | y_test shape: (2,)
