First 5 rows:
     User ID  Gender  Age  EstimatedSalary  Purchased
0  15624510    Male   19            19000          0
1  15810944    Male   35            20000          0
2  15668575  Female   26            43000          0
3  15603246  Female   27            57000          0
4  15804002    Male   19            76000          0

Shape: (400, 5)

Missing values:
 User ID            0
Gender             0
Age                0
EstimatedSalary    0
Purchased          0
dtype: int64

Class balance:
 Purchased
0    257
1    143
Name: count, dtype: int64

X shape: (400, 2) | y shape: (400,)
X (first 5):
    Age  EstimatedSalary
0   19            19000
1   35            20000
2   26            43000
3   27            57000
4   19            76000
y (first 5): [0 0 0 0 0]

Train size: (320, 2) | Test size: (80, 2)

Before scaling (first row of train): [   24 58000]
After scaling  (first row of train): [-1.2345 -0.368 ]
Learned means : [3.716000e+01 7.079375e+04]
Learned scales: [1.066000e+01 3.476638e+04]

Model trained.
Coefficients: [[2.18068711 1.24342738]]
Intercept: [-1.12123469]

Predicted classes:
 [1 0 0 1 0 1 0 1 1 0 0 1 0 1 0 0 0 0 0 1 0 1 0 1 0 0 1 0 0 1 1 0 1 0 0 1 1
 0 0 0 0 0 0 0 0 0 0 1 0 0 0 0 0 0 0 0 0 0 0 0 0 1 0 1 0 0 0 0 0 1 0 0 0 0
 0 1 0 0 1 0]
Actual classes   :
 [1 0 0 0 0 1 0 1 0 0 0 1 1 0 1 0 0 0 0 1 0 1 0 1 0 0 1 1 0 1 1 0 1 0 0 1 1
 0 0 1 0 0 0 0 0 1 0 1 0 0 1 0 0 0 0 0 0 1 0 1 0 1 0 1 1 0 0 0 0 1 0 0 0 1
 0 1 0 0 1 0]

Probabilities (first 5 rows):
 [[0.0562 0.9438]
 [0.9955 0.0045]
 [0.967  0.033 ]
 [0.3716 0.6284]
 [0.9857 0.0143]]
Columns mean: [0 1] -> [P(class 0), P(class 1)]
Each row sums to: [1. 1. 1. 1. 1.]

P(Purchased=1) for first 5: [0.9438 0.0045 0.033  0.6284 0.0143]

Threshold check:
    P(class 1)  Predicted  Actual
0      0.9438          1       1
1      0.0045          0       0
2      0.0330          0       0
3      0.6284          1       0
4      0.0143          0       0
5      0.9086          1       1
6      0.4040          0       0
7      0.9907          1       1

Accuracy: 0.8375

Confusion Matrix:
 [[48  3]
 [10 19]]
TN=48  FP=3  FN=10  TP=19

Classification Report:
               precision    recall  f1-score   support

           0       0.83      0.94      0.88        51
           1       0.86      0.66      0.75        29

    accuracy                           0.84        80
   macro avg       0.85      0.80      0.81        80
weighted avg       0.84      0.84      0.83        80
