
--- MENU ---
1. Factorial
2. Prime check
3. Reverse and palindrome
4. Armstrong
5. Perfect number
6. GCD and LCM
7. Sum of primes in a range
8. Fibonacci series
9. Strong number
10. Exit
Choice: 5! = 120

--- MENU ---
1. Factorial
2. Prime check
3. Reverse and palindrome
4. Armstrong
5. Perfect number
6. GCD and LCM
7. Sum of primes in a range
8. Fibonacci series
9. Strong number
10. Exit
Choice: 29 is prime

--- MENU ---
1. Factorial
2. Prime check
3. Reverse and palindrome
4. Armstrong
5. Perfect number
6. GCD and LCM
7. Sum of primes in a range
8. Fibonacci series
9. Strong number
10. Exit
Choice: Reverse = 121, palindrome

--- MENU ---
1. Factorial
2. Prime check
3. Reverse and palindrome
4. Armstrong
5. Perfect number
6. GCD and LCM
7. Sum of primes in a range
8. Fibonacci series
9. Strong number
10. Exit
Choice: 153 is an Armstrong number

--- MENU ---
1. Factorial
2. Prime check
3. Reverse and palindrome
4. Armstrong
5. Perfect number
6. GCD and LCM
7. Sum of primes in a range
8. Fibonacci series
9. Strong number
10. Exit
Choice: 28 is perfect

--- MENU ---
1. Factorial
2. Prime check
3. Reverse and palindrome
4. Armstrong
5. Perfect number
6. GCD and LCM
7. Sum of primes in a range
8. Fibonacci series
9. Strong number
10. Exit
Choice: GCD = 6, LCM = 36

--- MENU ---
1. Factorial
2. Prime check
3. Reverse and palindrome
4. Armstrong
5. Perfect number
6. GCD and LCM
7. Sum of primes in a range
8. Fibonacci series
9. Strong number
10. Exit
Choice: 6 primes, sum = 112

--- MENU ---
1. Factorial
2. Prime check
3. Reverse and palindrome
4. Armstrong
5. Perfect number
6. GCD and LCM
7. Sum of primes in a range
8. Fibonacci series
9. Strong number
10. Exit
Choice: 0 1 1 2 3 5 8 13 (sum 33)

--- MENU ---
1. Factorial
2. Prime check
3. Reverse and palindrome
4. Armstrong
5. Perfect number
6. GCD and LCM
7. Sum of primes in a range
8. Fibonacci series
9. Strong number
10. Exit
Choice: 145 is a strong number

--- MENU ---
1. Factorial
2. Prime check
3. Reverse and palindrome
4. Armstrong
5. Perfect number
6. GCD and LCM
7. Sum of primes in a range
8. Fibonacci series
9. Strong number
10. Exit
Choice: Bye
